2026-08-24 19:15:50 - Styles - URI: admin/tasks - REQ: /perfexcrm/admin/tasks - Match: YES
2026-08-24 19:15:51 - Scripts - URI: admin/tasks - REQ: /perfexcrm/admin/tasks - Match: YES
2026-08-24 19:15:53 - Styles - URI: admin/tasks - REQ: /perfexcrm/admin/tasks - Match: YES
2026-08-24 19:15:53 - Scripts - URI: admin/tasks - REQ: /perfexcrm/admin/tasks - Match: YES
2026-08-24 19:15:57 - Styles - URI: admin/tasks - REQ: /perfexcrm/admin/tasks - Match: YES
2026-08-24 19:15:57 - Scripts - URI: admin/tasks - REQ: /perfexcrm/admin/tasks - Match: YES
2026-08-24 19:15:59 - Styles - URI: admin/projects - REQ: /perfexcrm/admin/projects - Match: NO
2026-08-24 19:15:59 - Scripts - URI: admin/projects - REQ: /perfexcrm/admin/projects - Match: NO
2026-08-24 19:16:03 - Styles - URI: admin/tasks - REQ: /perfexcrm/admin/tasks - Match: YES
2026-08-24 19:16:03 - Scripts - URI: admin/tasks - REQ: /perfexcrm/admin/tasks - Match: YES
2026-08-24 19:16:32 - Styles - URI: admin/tasks - REQ: /perfexcrm/admin/tasks - Match: YES
2026-08-24 19:16:32 - Scripts - URI: admin/tasks - REQ: /perfexcrm/admin/tasks - Match: YES
2026-08-24 19:16:32 - Styles - URI: admin/tasks - REQ: /perfexcrm/admin/tasks - Match: YES
2026-08-24 19:16:33 - Scripts - URI: admin/tasks - REQ: /perfexcrm/admin/tasks - Match: YES
2026-08-24 19:16:44 - Styles - URI: admin/staff/member - REQ: /perfexcrm/admin/staff/member - Match: NO
2026-08-24 19:16:44 - Scripts - URI: admin/staff/member - REQ: /perfexcrm/admin/staff/member - Match: NO
2026-08-24 19:16:50 - Styles - URI: admin - REQ: /perfexcrm/admin/ - Match: NO
2026-08-24 19:16:50 - Scripts - URI: admin - REQ: /perfexcrm/admin/ - Match: NO
2026-08-24 19:16:51 - Styles - URI: admin/tasks - REQ: /perfexcrm/admin/tasks - Match: YES
2026-08-24 19:16:51 - Scripts - URI: admin/tasks - REQ: /perfexcrm/admin/tasks - Match: YES
2026-08-24 19:17:40 - Styles - URI: admin/tasks - REQ: /perfexcrm/admin/tasks - Match: YES
2026-08-24 19:17:40 - Scripts - URI: admin/tasks - REQ: /perfexcrm/admin/tasks - Match: YES
2026-08-24 19:18:04 - Styles - URI: admin/tasks - REQ: /perfexcrm/admin/tasks - Match: YES
2026-08-24 19:18:04 - Scripts - URI: admin/tasks - REQ: /perfexcrm/admin/tasks - Match: YES
2026-08-24 19:18:10 - Styles - URI: admin/tasks - REQ: /perfexcrm/admin/tasks - Match: YES
2026-08-24 19:18:10 - Scripts - URI: admin/tasks - REQ: /perfexcrm/admin/tasks - Match: YES
2026-08-24 19:18:13 - Styles - URI: admin/tasks - REQ: /perfexcrm/admin/tasks - Match: YES
2026-08-24 19:18:13 - Scripts - URI: admin/tasks - REQ: /perfexcrm/admin/tasks - Match: YES
